[    0.000000] Linux version 4.15.0-191-generic (buildd@lcy02-amd64-032) (gcc version 7.5.0 (Ubuntu 7.5.0-3ubuntu1~18.04)) #202-Ubuntu SMP Thu Aug 4 01:49:29 UTC 2022 (Ubuntu 4.15.0-191.202-generic 4.15.18)
[    0.000000] Command line: BOOT_IMAGE=/boot/vmlinuz-4.15.0-191-generic root=LABEL=cloudimg-rootfs ro console=tty1 console=ttyS0
[    0.000000] KERNEL supported cpus:
[    0.000000]   Intel GenuineIntel
[    0.000000]   AMD AuthenticAMD
[    0.000000]   Centaur CentaurHauls
[    0.000000] x86/fpu: Supporting XSAVE feature 0x001: 'x87 floating point registers'
[    0.000000] x86/fpu: Supporting XSAVE feature 0x002: 'SSE registers'
[    0.000000] x86/fpu: Supporting XSAVE feature 0x004: 'AVX registers'
[    0.000000] x86/fpu: xstate_offset[2]:  576, xstate_sizes[2]:  256
[    0.000000] x86/fpu: Enabled xstate features 0x7, context size is 832 bytes, using 'standard' format.
[    0.000000] e820: BIOS-provided physical RAM map:
[    0.000000] BIOS-e820: [mem 0x0000000000000000-0x000000000009fbff] usable
[    0.000000] BIOS-e820: [mem 0x000000000009fc00-0x000000000009ffff] reserved
[    0.000000] BIOS-e820: [mem 0x00000000000f0000-0x00000000000fffff] reserved
[    0.000000] BIOS-e820: [mem 0x0000000000100000-0x000000003ffeffff] usable
[    0.000000] BIOS-e820: [mem 0x000000003fff0000-0x000000003fffffff] ACPI data
[    0.000000] BIOS-e820: [mem 0x00000000fec00000-0x00000000fec00fff] reserved
[    0.000000] BIOS-e820: [mem 0x00000000fee00000-0x00000000fee00fff] reserved
[    0.000000] BIOS-e820: [mem 0x00000000fffc0000-0x00000000ffffffff] reserved
[    0.000000] NX (Execute Disable) protection: active
[    0.000000] SMBIOS 2.5 present.
[    0.000000] DMI: innotek GmbH VirtualBox/VirtualBox, BIOS VirtualBox 12/01/2006
[    0.000000] Hypervisor detected: KVM
[    0.000000] e820: last_pfn = 0x3fff0 max_arch_pfn = 0x400000000
[    0.000000] MTRR: Disabled
[    0.000000] x86/PAT: MTRRs disabled, skipping PAT initialization too.
[    0.000000] CPU MTRRs all blank - virtualized system.
[    0.000000] x86/PAT: Configuration [0-7]: WB  WT  UC- UC  WB  WT  UC- UC  
[    0.000000] found SMP MP-table at [mem 0x0009fff0-0x0009ffff]
[    0.000000] Scanning 1 areas for low memory corruption
[    0.000000] RAMDISK: [mem 0x359cb000-0x36cdcfff]
[    0.000000] ACPI: Early table checksum verification disabled
[    0.000000] ACPI: RSDP 0x00000000000E0000 000024 (v02 VBOX  )
[    0.000000] ACPI: XSDT 0x000000003FFF0030 00003C (v01 VBOX   VBOXXSDT 00000001 ASL  00000061)
[    0.000000] ACPI: FACP 0x000000003FFF00F0 0000F4 (v04 VBOX   VBOXFACP 00000001 ASL  00000061)
[    0.000000] ACPI: DSDT 0x000000003FFF0470 002325 (v02 VBOX   VBOXBIOS 00000002 INTL 20120111)
[    0.000000] ACPI: FACS 0x000000003FFF0200 000040
[    0.000000] ACPI: FACS 0x000000003FFF0200 000040
[    0.000000] ACPI: APIC 0x000000003FFF0240 00005C (v02 VBOX   VBOXAPIC 00000001 ASL  00000061)
[    0.000000] ACPI: SSDT 0x000000003FFF02A0 0001CC (v01 VBOX   VBOXCPUT 00000002 INTL 20120111)
[    0.000000] ACPI: Reserving FACP table memory at [mem 0x3fff00f0-0x3fff01e3]
[    0.000000] ACPI: Reserving DSDT table memory at [mem 0x3fff0470-0x3fff2794]
[    0.000000] ACPI: Reserving FACS table memory at [mem 0x3fff0200-0x3fff023f]
[    0.000000] ACPI: Reserving FACS table memory at [mem 0x3fff0200-0x3fff023f]
[    0.000000] ACPI: Reserving APIC table memory at [mem 0x3fff0240-0x3fff029b]
[    0.000000] ACPI: Reserving SSDT table memory at [mem 0x3fff02a0-0x3fff046b]
[    0.000000] No NUMA configuration found
[    0.000000] Faking a node at [mem 0x0000000000000000-0x000000003ffeffff]
[    0.000000] NODE_DATA(0) allocated [mem 0x3ffc5000-0x3ffeffff]
[    0.000000] kvm-clock: cpu 0, msr 0:3ff44001, primary cpu clock
[    0.000000] kvm-clock: Using msrs 4b564d01 and 4b564d00
[    0.000000] kvm-clock: using sched offset of 4486969884 cycles
[    0.000000] clocksource: kvm-clock: mask: 0xffffffffffffffff max_cycles: 0x1cd42e4dffb, max_idle_ns: 881590591483 ns
[    0.000000] Zone ranges:
[    0.000000]   DMA      [mem 0x0000000000001000-0x0000000000ffffff]
[    0.000000]   DMA32    [mem 0x0000000001000000-0x000000003ffeffff]
[    0.000000]   Normal   empty
[    0.000000]   Device   empty
[    0.000000] Movable zone start for each node
[    0.000000] Early memory node ranges
[    0.000000]   node   0: [mem 0x0000000000001000-0x000000000009efff]
[    0.000000]   node   0: [mem 0x0000000000100000-0x000000003ffeffff]
[    0.000000] Reserved but unavailable: 104 pages
[    0.000000] Initmem setup node 0 [mem 0x0000000000001000-0x000000003ffeffff]
[    0.000000] ACPI: PM-Timer IO Port: 0x4008
[    0.000000] IOAPIC[0]: apic_id 2, version 32, address 0xfec00000, GSI 0-23
[    0.000000] ACPI: INT_SRC_OVR (bus 0 bus_irq 0 global_irq 2 dfl dfl)
[    0.000000] ACPI: INT_SRC_OVR (bus 0 bus_irq 9 global_irq 9 low level)
[    0.000000] Using ACPI (MADT) for SMP configuration information
[    0.000000] smpboot: Allowing 2 CPUs, 0 hotplug CPUs
[    0.000000] PM: Registered nosave memory: [mem 0x00000000-0x00000fff]
[    0.000000] PM: Registered nosave memory: [mem 0x0009f000-0x0009ffff]
[    0.000000] PM: Registered nosave memory: [mem 0x000a0000-0x000effff]
[    0.000000] PM: Registered nosave memory: [mem 0x000f0000-0x000fffff]
[    0.000000] e820: [mem 0x40000000-0xfebfffff] available for PCI devices
[    0.000000] Booting paravirtualized kernel on KVM
[    0.000000] clocksource: refined-jiffies: mask: 0xffffffff max_cycles: 0xffffffff, max_idle_ns: 7645519600211568 ns
[    0.000000] random: get_random_bytes called from start_kernel+0x99/0x500 with crng_init=0
[    0.000000] setup_percpu: NR_CPUS:8192 nr_cpumask_bits:2 nr_cpu_ids:2 nr_node_ids:1
[    0.000000] percpu: Embedded 50 pages/cpu s167936 r8192 d28672 u1048576
[    0.000000] PV qspinlock hash table entries: 256 (order: 0, 4096 bytes)
[    0.000000] Built 1 zonelists, mobility grouping on.  Total pages: 257913
[    0.000000] Policy zone: DMA32
[    0.000000] Kernel command line: BOOT_IMAGE=/boot/vmlinuz-4.15.0-191-generic root=LABEL=cloudimg-rootfs ro console=tty1 console=ttyS0
[    0.000000] Memory: 982648K/1048120K available (12300K kernel code, 2484K rwdata, 4324K rodata, 2468K init, 2724K bss, 65472K reserved, 0K cma-reserved)
[    0.000000] SLUB: HWalign=64, Order=0-3, MinObjects=0, CPUs=2, Nodes=1
[    0.000000] Kernel/User page tables isolation: enabled
[    0.000000] ftrace: allocating 39485 entries in 155 pages
[    0.004000] Hierarchical RCU implementation.
[    0.004000] 	RCU restricting CPUs from NR_CPUS=8192 to nr_cpu_ids=2.
[    0.004000] 	Tasks RCU enabled.
[    0.004000] RCU: Adjusting geometry for rcu_fanout_leaf=16, nr_cpu_ids=2
[    0.004000] NR_IRQS: 524544, nr_irqs: 440, preallocated irqs: 16
[    0.004000] Console: colour VGA+ 80x25
[    0.004000] console [tty1] enabled
[    0.004000] console [ttyS0] enabled
[    0.004000] ACPI: Core revision 20170831
[    0.004000] ACPI: 2 ACPI AML tables successfully acquired and loaded
[    0.004000] APIC: Switch to symmetric I/O mode setup
[    0.004000] x2apic enabled
[    0.004000] Switched APIC routing to physical x2apic.
[    0.004000] ..TIMER: vector=0x30 apic1=0 pin1=2 apic2=-1 pin2=-1
[    0.004006] tsc: Detected 3096.000 MHz processor
[    0.005808] Calibrating delay loop (skipped) preset value.. 6192.00 BogoMIPS (lpj=12384000)
[    0.008004] pid_max: default: 32768 minimum: 301
[    0.009425] Security Framework initialized
[    0.010265] Yama: becoming mindful.
[    0.012022] AppArmor: AppArmor initialized
[    0.014493] Dentry cache hash table entries: 131072 (order: 8, 1048576 bytes)
[    0.016064] Inode-cache hash table entries: 65536 (order: 7, 524288 bytes)
[    0.017431] Mount-cache hash table entries: 2048 (order: 2, 16384 bytes)
[    0.018796] Mountpoint-cache hash table entries: 2048 (order: 2, 16384 bytes)
[    0.020264] Last level iTLB entries: 4KB 64, 2MB 8, 4MB 8
[    0.021505] Last level dTLB entries: 4KB 64, 2MB 0, 4MB 0, 1GB 4
[    0.024007] Spectre V1 : Mitigation: usercopy/swapgs barriers and __user pointer sanitization
[    0.028003] Spectre V2 : Mitigation: Retpolines
[    0.029258] Spectre V2 : Spectre v2 / SpectreRSB mitigation: Filling RSB on context switch
[    0.032003] Speculative Store Bypass: Vulnerable
[    0.033179] MDS: Mitigation: Clear CPU buffers
[    0.034128] MMIO Stale Data: Mitigation: Clear CPU buffers
[    0.036005] SRBDS: Unknown: Dependent on hypervisor status
[    0.037941] Freeing SMP alternatives memory: 36K
[    0.151340] smpboot: CPU0: Intel(R) Core(TM) i5-7267U CPU @ 3.10GHz (family: 0x6, model: 0x8e, stepping: 0x9)
[    0.152155] Performance Events: unsupported p6 CPU model 142 no PMU driver, software events only.
[    0.156050] Hierarchical SRCU implementation.
[    0.158065] NMI watchdog: Perf event create on CPU 0 failed with -2
[    0.160003] NMI watchdog: Perf NMI watchdog permanently disabled
[    0.161361] smp: Bringing up secondary CPUs ...
[    0.162453] x86: Booting SMP configuration:
[    0.164003] .... node  #0, CPUs:      #1
[    0.004000] kvm-clock: cpu 1, msr 0:3ff44041, secondary cpu clock
[    0.174622] smp: Brought up 1 node, 2 CPUs
[    0.176005] smpboot: Max logical packages: 1
[    0.177463] smpboot: Total of 2 processors activated (12384.00 BogoMIPS)
[    0.179011] devtmpfs: initialized
[    0.180047] x86/mm: Memory block size: 128MB
[    0.181036] evm: security.selinux
[    0.181740] evm: security.SMACK64
[    0.182437] evm: security.SMACK64EXEC
[    0.183233] evm: security.SMACK64TRANSMUTE
[    0.184003] evm: security.SMACK64MMAP
[    0.186046] evm: security.apparmor
[    0.188004] evm: security.ima
[    0.188877] evm: security.capability
[    0.190007] clocksource: jiffies: mask: 0xffffffff max_cycles: 0xffffffff, max_idle_ns: 7645041785100000 ns
[    0.192011] futex hash table entries: 512 (order: 3, 32768 bytes)
[    0.193261] pinctrl core: initialized pinctrl subsystem
[    0.197047] RTC time: 15:59:49, date: 08/24/22
[    0.198399] NET: Registered protocol family 16
[    0.199396] audit: initializing netlink subsys (disabled)
[    0.200028] audit: type=2000 audit(1661356796.012:1): state=initialized audit_enabled=0 res=1
[    0.204013] cpuidle: using governor ladder
[    0.204923] cpuidle: using governor menu
[    0.205773] ACPI: bus type PCI registered
[    0.206734] acpiphp: ACPI Hot Plug PCI Controller Driver version: 0.5
[    0.208107] PCI: Using configuration type 1 for base access
[    0.209250] HugeTLB registered 2.00 MiB page size, pre-allocated 0 pages
[    0.212054] ACPI: Added _OSI(Module Device)
[    0.212925] ACPI: Added _OSI(Processor Device)
[    0.213833] ACPI: Added _OSI(3.0 _SCP Extensions)
[    0.214787] ACPI: Added _OSI(Processor Aggregator Device)
[    0.216003] ACPI: Added _OSI(Linux-Dell-Video)
[    0.217213] ACPI: Added _OSI(Linux-Lenovo-NV-HDMI-Audio)
[    0.218378] ACPI: Added _OSI(Linux-HPI-Hybrid-Graphics)
[    0.220394] ACPI: Executed 1 blocks of module-level executable AML code
[    0.228414] ACPI: Interpreter enabled
[    0.229504] ACPI: (supports S0 S5)
[    0.230221] ACPI: Using IOAPIC for interrupt routing
[    0.231425] PCI: Using host bridge windows from ACPI; if necessary, use "pci=nocrs" and report a bug
[    0.232188] ACPI: Enabled 2 GPEs in block 00 to 07
[    0.240678] ACPI: PCI Root Bridge [PCI0] (domain 0000 [bus 00-ff])
[    0.243943] acpi PNP0A03:00: _OSC: OS supports [ASPM ClockPM Segments MSI]
[    0.244455] acpi PNP0A03:00: _OSC: not requesting OS control; OS requires [ExtendedConfig ASPM ClockPM MSI]
[    0.248013] acpi PNP0A03:00: fail to add MMCONFIG information, can't access extended PCI configuration space under this bridge.
[    0.250762] PCI host bridge to bus 0000:00
[    0.252008] pci_bus 0000:00: root bus resource [io  0x0000-0x0cf7 window]
[    0.256006] pci_bus 0000:00: root bus resource [io  0x0d00-0xffff window]
[    0.257342] pci_bus 0000:00: root bus resource [mem 0x000a0000-0x000bffff window]
[    0.260004] pci_bus 0000:00: root bus resource [mem 0x40000000-0xfdffffff window]
[    0.261687] pci_bus 0000:00: root bus resource [bus 00-ff]
[    0.266619] pci 0000:00:01.1: legacy IDE quirk: reg 0x10: [io  0x01f0-0x01f7]
[    0.268004] pci 0000:00:01.1: legacy IDE quirk: reg 0x14: [io  0x03f6]
[    0.270533] pci 0000:00:01.1: legacy IDE quirk: reg 0x18: [io  0x0170-0x0177]
[    0.272003] pci 0000:00:01.1: legacy IDE quirk: reg 0x1c: [io  0x0376]
[    0.288000] pci 0000:00:07.0: quirk: [io  0x4000-0x403f] claimed by PIIX4 ACPI
[    0.288023] pci 0000:00:07.0: quirk: [io  0x4100-0x410f] claimed by PIIX4 SMB
[    0.298029] ACPI: PCI Interrupt Link [LNKA] (IRQs 5 9 10 *11)
[    0.300083] ACPI: PCI Interrupt Link [LNKB] (IRQs 5 9 *10 11)
[    0.301813] ACPI: PCI Interrupt Link [LNKC] (IRQs 5 *9 10 11)
[    0.303381] ACPI: PCI Interrupt Link [LNKD] (IRQs 5 9 10 *11)
[    0.304370] SCSI subsystem initialized
[    0.305432] pci 0000:00:02.0: vgaarb: setting as boot VGA device
[    0.305432] pci 0000:00:02.0: vgaarb: VGA device added: decodes=io+mem,owns=io+mem,locks=none
[    0.308009] pci 0000:00:02.0: vgaarb: bridge control possible
[    0.309545] vgaarb: loaded
[    0.310568] ACPI: bus type USB registered
[    0.312028] usbcore: registered new interface driver usbfs
[    0.313141] usbcore: registered new interface driver hub
[    0.314216] usbcore: registered new device driver usb
[    0.316110] EDAC MC: Ver: 3.0.0
[    0.317062] PCI: Using ACPI for IRQ routing
[    0.317192] NetLabel: Initializing
[    0.320014] NetLabel:  domain hash size = 128
[    0.324002] NetLabel:  protocols = UNLABELED CIPSOv4 CALIPSO
[    0.325368] NetLabel:  unlabeled traffic allowed by default
[    0.326536] clocksource: Switched to clocksource kvm-clock
[    0.337049] VFS: Disk quotas dquot_6.6.0
[    0.338514] VFS: Dquot-cache hash table entries: 512 (order 0, 4096 bytes)
[    0.339943] AppArmor: AppArmor Filesystem Enabled
[    0.340989] pnp: PnP ACPI init
[    0.343286] pnp: PnP ACPI: found 3 devices
[    0.352264] clocksource: acpi_pm: mask: 0xffffff max_cycles: 0xffffff, max_idle_ns: 2085701024 ns
[    0.355421] NET: Registered protocol family 2
[    0.356658] IP idents hash table entries: 16384 (order: 5, 131072 bytes)
[    0.359434] TCP established hash table entries: 8192 (order: 4, 65536 bytes)
[    0.360923] TCP bind hash table entries: 8192 (order: 5, 131072 bytes)
[    0.362224] TCP: Hash tables configured (established 8192 bind 8192)
[    0.363500] UDP hash table entries: 512 (order: 2, 16384 bytes)
[    0.365182] UDP-Lite hash table entries: 512 (order: 2, 16384 bytes)
[    0.366835] NET: Registered protocol family 1
[    0.367957] pci 0000:00:00.0: Limiting direct PCI/PCI transfers
[    0.369196] pci 0000:00:01.0: Activating ISA DMA hang workarounds
[    0.370446] pci 0000:00:02.0: Video device with shadowed ROM at [mem 0x000c0000-0x000dffff]
[    0.372206] Unpacking initramfs...
[    0.661078] Freeing initrd memory: 19528K
[    0.662449] clocksource: tsc: mask: 0xffffffffffffffff max_cycles: 0x2ca08564bf3, max_idle_ns: 440795312460 ns
[    0.665446] platform rtc_cmos: registered platform RTC device (no PNP device found)
[    0.670554] Scanning for low memory corruption every 60 seconds
[    0.672998] Initialise system trusted keyrings
[    0.674473] Key type blacklist registered
[    0.675387] workingset: timestamp_bits=36 max_order=18 bucket_order=0
[    0.677902] zbud: loaded
[    0.679006] squashfs: version 4.0 (2009/01/31) Phillip Lougher
[    0.680844] fuse init (API version 7.26)
[    0.687378] Key type asymmetric registered
[    0.688897] Asymmetric key parser 'x509' registered
[    0.690788] Block layer SCSI generic (bsg) driver version 0.4 loaded (major 246)
[    0.693187] io scheduler noop registered
[    0.694525] io scheduler deadline registered
[    0.695755] io scheduler cfq registered (default)
[    0.698551] ACPI: AC Adapter [AC] (on-line)
[    0.700403] input: Power Button as /devices/LNXSYSTM:00/LNXPWRBN:00/input/input0
[    0.702945] ACPI: Power Button [PWRF]
[    0.704401] input: Sleep Button as /devices/LNXSYSTM:00/LNXSLPBN:00/input/input1
[    0.706949] ACPI: Sleep Button [SLPF]
[    0.709187] ACPI: Battery Slot [BAT0] (battery present)
[    0.710834] Serial: 8250/16550 driver, 32 ports, IRQ sharing enabled
[    0.734918] 00:02: ttyS0 at I/O 0x3f8 (irq = 4, base_baud = 115200) is a 16550A
[    0.739973] Linux agpgart interface v0.103
[    0.742460] loop: module loaded
[    0.743622] scsi host0: ata_piix
[    0.744616] scsi host1: ata_piix
[    0.745993] ata1: PATA max UDMA/33 cmd 0x1f0 ctl 0x3f6 bmdma 0xd000 irq 14
[    0.748178] ata2: PATA max UDMA/33 cmd 0x170 ctl 0x376 bmdma 0xd008 irq 15
[    0.753584] tun: Universal TUN/TAP device driver, 1.6
[    0.755816] PPP generic driver version 2.4.2
[    0.757451] ehci_hcd: USB 2.0 'Enhanced' Host Controller (EHCI) Driver
[    0.759147] ehci-pci: EHCI PCI platform driver
[    0.760059] ehci-platform: EHCI generic platform driver
[    0.761767] ohci_hcd: USB 1.1 'Open' Host Controller (OHCI) Driver
[    0.764868] ohci-pci: OHCI PCI platform driver
[    0.766652] ohci-platform: OHCI generic platform driver
[    0.768563] uhci_hcd: USB Universal Host Controller Interface driver
[    0.770117] i8042: PNP: PS/2 Controller [PNP0303:PS2K,PNP0f03:PS2M] at 0x60,0x64 irq 1,12
[    0.773505] serio: i8042 KBD port at 0x60,0x64 irq 1
[    0.774757] serio: i8042 AUX port at 0x60,0x64 irq 12
[    0.775990] mousedev: PS/2 mouse device common for all mice
[    0.778021] input: AT Translated Set 2 keyboard as /devices/platform/i8042/serio0/input/input2
[    0.781092] rtc_cmos rtc_cmos: rtc core: registered rtc_cmos as rtc0
[    0.782503] rtc_cmos rtc_cmos: alarms up to one day, 114 bytes nvram
[    0.788229] i2c /dev entries driver
[    0.789305] device-mapper: uevent: version 1.0.3
[    0.790681] device-mapper: ioctl: 4.37.0-ioctl (2017-09-20) initialised: dm-devel@redhat.com
[    0.792811] ledtrig-cpu: registered to indicate activity on CPUs
[    0.794930] NET: Registered protocol family 10
[    0.801602] Segment Routing with IPv6
[    0.803088] NET: Registered protocol family 17
[    0.804743] Key type dns_resolver registered
[    0.805777] mce: Using 0 MCE banks
[    0.806919] RAS: Correctable Errors collector initialized.
[    0.808122] sched_clock: Marking stable (805716936, 0)->(1003132127, -197415191)
[    0.809910] registered taskstats version 1
[    0.811438] Loading compiled-in X.509 certificates
[    0.815284] Loaded X.509 cert 'Build time autogenerated kernel key: c22b55fccca0ab4a1b471e83eb5a5035df964114'
[    0.821839] Loaded X.509 cert 'Canonical Ltd. Live Patch Signing: 14df34d1a87cf37625abec039ef2bf521249b969'
[    0.824658] Loaded X.509 cert 'Canonical Ltd. Kernel Module Signing: 88f752e560a1e0737e31163a466ad7b70a850c19'
[    0.828008] blacklist: Loading compiled-in revocation X.509 certificates
[    0.829612] Loaded X.509 cert 'Canonical Ltd. Secure Boot Signing: 61482aa2830d0ab2ad5af10b7250da9033ddcef0'
[    0.832339] zswap: loaded using pool lzo/zbud
[    0.837871] Key type big_key registered
[    0.838734] Key type trusted registered
[    0.840937] Key type encrypted registered
[    0.841790] AppArmor: AppArmor sha1 policy hashing enabled
[    0.843982] ima: No TPM chip found, activating TPM-bypass! (rc=-19)
[    0.845951] ima: Allocated hash algorithm: sha1
[    0.846902] evm: HMAC attrs: 0x1
[    0.847836]   Magic number: 2:849:993
[    0.848730] rtc_cmos rtc_cmos: setting system clock to 2022-08-24 15:59:50 UTC (1661356790)
[    0.854894] BIOS EDD facility v0.16 2004-Jun-25, 0 devices found
[    0.856569] EDD information not available.
[    0.944725] Freeing unused kernel image memory: 2468K
[    0.956289] Write protecting the kernel read-only data: 20480k
[    0.959468] Freeing unused kernel image memory: 2008K
[    0.961174] Freeing unused kernel image memory: 1820K
[    0.969047] x86/mm: Checked W+X mappings: passed, no W+X pages found.
[    0.970857] x86/mm: Checking user space page tables
[    0.977529] x86/mm: Checked W+X mappings: passed, no W+X pages found.
Loading, please wait...
starting version 237
[    1.042500] Fusion MPT base driver 3.04.20
[    1.043701] Copyright (c) 1999-2008 LSI Corporation
[    1.048539] e1000: Intel(R) PRO/1000 Network Driver - version 7.3.21-k8-NAPI
[    1.056594] e1000: Copyright (c) 1999-2006 Intel Corporation.
[    1.071688] Fusion MPT SPI Host driver 3.04.20
[    1.078054] AVX2 version of gcm_enc/dec engaged.
[    1.079075] AES CTR mode by8 optimization enabled
[    1.288276] input: ImExPS/2 Generic Explorer Mouse as /devices/platform/i8042/serio1/input/input4
[    1.702255] e1000 0000:00:03.0 eth0: (PCI:33MHz:32-bit) 02:dd:70:87:b9:65
[    1.704718] e1000 0000:00:03.0 eth0: Intel(R) PRO/1000 Network Connection
[    1.708523] mptbase: ioc0: Initiating bringup
[    1.710741] e1000 0000:00:03.0 enp0s3: renamed from eth0
[    2.307699] ioc0: LSI53C1030 A0: Capabilities={Initiator}
[    4.682793] scsi host2: ioc0: LSI53C1030 A0, FwRev=00000000h, Ports=1, MaxQ=256, IRQ=20
[    5.896882] scsi 2:0:0:0: Direct-Access     VBOX     HARDDISK         1.0  PQ: 0 ANSI: 5
[    5.932149] scsi target2:0:0: Beginning Domain Validation
[    5.935802] scsi target2:0:0: Domain Validation skipping write tests
[    5.938703] scsi target2:0:0: Ending Domain Validation
[    5.941470] scsi target2:0:0: asynchronous
[    5.944514] scsi 2:0:1:0: Direct-Access     VBOX     HARDDISK         1.0  PQ: 0 ANSI: 5
[    5.976406] scsi target2:0:1: Beginning Domain Validation
[    5.981490] random: fast init done
[    5.983383] scsi target2:0:1: Domain Validation skipping write tests
[    5.985846] scsi target2:0:1: Ending Domain Validation
[    5.989082] scsi target2:0:1: asynchronous
[    5.999240] random: systemd-udevd: uninitialized urandom read (16 bytes read)
[    6.002810] random: systemd-udevd: uninitialized urandom read (16 bytes read)
[    6.006692] sd 2:0:0:0: Attached scsi generic sg0 type 0
[    6.007015] random: systemd-udevd: uninitialized urandom read (16 bytes read)
[    6.010147] sd 2:0:1:0: Attached scsi generic sg1 type 0
[    6.012956] sd 2:0:0:0: [sda] 83886080 512-byte logical blocks: (42.9 GB/40.0 GiB)
[    6.017413] sd 2:0:0:0: [sda] Write Protect is off
[    6.020266] sd 2:0:1:0: [sdb] 20480 512-byte logical blocks: (10.5 MB/10.0 MiB)
[    6.021698] sd 2:0:0:0: [sda] Incomplete mode parameter data
[    6.025618] sd 2:0:0:0: [sda] Assuming drive cache: write through
[    6.025635] sd 2:0:1:0: [sdb] Write Protect is off
[    6.030021] sd 2:0:1:0: [sdb] Incomplete mode parameter data
[    6.030896]  sda: sda1
[    6.031871] sd 2:0:1:0: [sdb] Assuming drive cache: write through
[    6.037921] sd 2:0:0:0: [sda] Attached SCSI disk
[    6.043065] sd 2:0:1:0: [sdb] Attached SCSI disk
Begin: Loading essential drivers ... [    7.600098] raid6: sse2x1   gen()  8958 MB/s
[    7.648068] raid6: sse2x1   xor()  6853 MB/s
[    7.696063] raid6: sse2x2   gen() 11661 MB/s
[    7.744087] raid6: sse2x2   xor()  4517 MB/s
[    7.800135] raid6: sse2x4   gen()  6944 MB/s
[    7.857601] raid6: sse2x4   xor()  4041 MB/s
[    7.908133] raid6: avx2x1   gen() 16458 MB/s
[    7.956080] raid6: avx2x1   xor() 12648 MB/s
[    8.004094] raid6: avx2x2   gen() 20981 MB/s
[    8.052072] raid6: avx2x2   xor() 14905 MB/s
[    8.100050] raid6: avx2x4   gen() 24065 MB/s
[    8.148559] raid6: avx2x4   xor() 15891 MB/s
[    8.149857] raid6: using algorithm avx2x4 gen() 24065 MB/s
[    8.151097] raid6: .... xor() 15891 MB/s, rmw enabled
[    8.152786] raid6: using avx2x2 recovery algorithm
[    8.155479] xor: automatically using best checksumming function   avx       
[    8.159066] async_tx: api initialized (async)
done.
Begin: Running /scripts/init-premount ... done.
Begin: Mounting root file system ... Begin: Running /scripts/local-top ... done.
Begin: Running /scripts/local-premount ... [    8.208191] Btrfs loaded, crc32c=crc32c-intel
Scanning for Btrfs filesystems
done.
Warning: fsck not present, so skipping root file system
[    8.245561] EXT4-fs (sda1): INFO: recovery required on readonly filesystem
[    8.247027] EXT4-fs (sda1): write access will be enabled during recovery
[    8.308409] EXT4-fs (sda1): recovery complete
[    8.310380] EXT4-fs (sda1): mounted filesystem with ordered data mode. Opts: (null)
done.
Begin: Running /scripts/local-bottom ... done.
Begin: Running /scripts/init-bottom ... done.
[    8.494822] ip_tables: (C) 2000-2006 Netfilter Core Team
[    8.507527] systemd[1]: systemd 237 running in system mode. (+PAM +AUDIT +SELINUX +IMA +APPARMOR +SMACK +SYSVINIT +UTMP +LIBCRYPTSETUP +GCRYPT +GNUTLS +ACL +XZ +LZ4 +SECCOMP +BLKID +ELFUTILS +KMOD -IDN2 +IDN -PCRE2 default-hierarchy=hybrid)
[    8.516131] systemd[1]: Detected virtualization oracle.
[    8.518165] systemd[1]: Detected architecture x86-64.

Welcome to [1mUbuntu 18.04.6 LTS[0m!

[    8.527190] systemd[1]: Set hostname to <ubuntu-bionic>.
[    8.823978] systemd[1]: Created slice User and Session Slice.
[[0;32m  OK  [0m] Created slice User and Session Slice.
[    8.826173] systemd[1]: Reached target User and Group Name Lookups.
[[0;32m  OK  [0m] Reached target User and Group Name Lookups.
[    8.830256] systemd[1]: Created slice System Slice.
[[0;32m  OK  [0m] Created slice System Slice.
[    8.832614] systemd[1]: Listening on Device-mapper event daemon FIFOs.
[[0;32m  OK  [0m] Listening on Device-mapper event daemon FIFOs.
[    8.835447] systemd[1]: Listening on LVM2 metadata daemon socket.
[[0;32m  OK  [0m] Listening on LVM2 metadata daemon socket.
[    8.838681] systemd[1]: Listening on udev Kernel Socket.
[[0;32m  OK  [0m] Listening on udev Kernel Socket.
[[0;32m  OK  [0m] Listening on /dev/initctl Compatibility Named Pipe.
[[0;32m  OK  [0m] Listening on LVM2 poll daemon socket.
[[0;32m  OK  [0m] Reached target Slices.
[[0;32m  OK  [0m] Listening on Journal Socket.
         Starting Monitoring of LVM2 mirrorsâ€¦ng dmeventd or progress polling...
         Starting Create list of required stâ€¦ce nodes for the current kernel...
         Mounting POSIX Message Queue File System...
         Mounting Huge Pages File System...
         Mounting Kernel Debug File System...
[[0;32m  OK  [0m] Listening on udev Control Socket.
         Starting udev Coldplug all Devices...
         Starting Uncomplicated firewall...
[[0;32m  OK  [0m] Created slice system-serial\x2dgetty.slice.
[[0;32m  OK  [0m] Listening on Network Service Netlink Socket.
         Starting Set the console keyboard layout...
[[0;32m  OK  [0m] Reached target Swap.
[[0;32m  OK  [0m] Reached target System Time Synchronized.
         Starting Load Kernel Modules...
[[0;32m  OK  [0m] Listening on Journal Socket (/dev/log).
[[0;32m  OK  [0m] Listening on fsck to fsckd communication Socket.
         Starting File System Check on Root Device...
[[0;32m  OK  [0m] Listening on Journal Audit Socket.
[[0;32m  OK  [0m] Started Forward Password Requests to Wall Directory Watch.
[[0;32m  OK  [0m] Listening on Syslog Socket.
         Starting Journal Service...
[[0;32m  OK  [0m] Set up automount Arbitrary Executabâ€¦rmats File System Automount Point.
[    8.928606] Loading iSCSI transport class v2.0-870.
[    8.936239] iscsi: registered transport (tcp)
[[0;32m  OK  [0m] Started Create list of required staâ€¦vice nodes for the current kernel.
[[0;32m  OK  [0m] Mounted POSIX Message Queue File System.
[[0;32m  OK  [0m] Mounted Huge Pages File System.
[[0;32m  OK  [0m] Mounted Kernel Debug File System.
[[0;32m  OK  [0m] Started Uncomplicated firewall.
[[0;32m  OK  [0m] Started File System Check Daemon to report status.
         Starting Create Static Device Nodes in /dev...
[[0;32m  OK  [0m] Started LVM2 metadata daemon.
[[0;32m  OK  [0m] Started Journal Service.
[[0;32m  OK  [0m] Started File System Check on Root Device.
         Starting Remount Root and Kernel File Systems...
[    9.048725] iscsi: registered transport (iser)
[[0;32m  OK  [0m] Started udev Coldplug all Devices.
[[0;32m  OK  [0m] Started Load Kernel Modules.
         Mounting Kernel Configuration File System...
         Mounting FUSE Control File System...
         Starting Apply Kernel Variables...
[[0;32m  OK  [0m] Mounted Kernel Configuration File System.
[[0;32m  OK  [0m] Mounted FUSE Control File System.
[[0;32m  OK  [0m] Started Create Static Device Nodes in /dev.
[[0;32m  OK  [0m] Started Remount Root and Kernel File Systems.
         Starting Load/Save Random Seed...
         Starting Flush Journal to Persistent Storage...
         Starting udev Kernel Device Manager...
[[0;32m  OK  [0m] Started Monitoring of LVM2 mirrors,â€¦sing dmeventd or progress polling.
[[0;32m  OK  [0m] Started Apply Kernel Variables.
[[0;32m  OK  [0m] Started Load/Save Random Seed.
[[0;32m  OK  [0m] Started Set the console keyboard layout.
[[0;32m  OK  [0m] Reached target Local File Systems (Pre).
[[0;32m  OK  [0m] Reached target Local File Systems.
         Starting ebtables ruleset management...
         Starting Set console font and keymap...
         Starting AppArmor initialization...
         Starting Tell Plymouth To Write Out Runtime Data...
[[0;32m  OK  [0m] Started udev Kernel Device Manager.
[[0;32m  OK  [0m] Started Dispatch Password Requests to Console Directory Watch.
[[0;32m  OK  [0m] Reached target Local Encrypted Volumes.
[[0;32m  OK  [0m] Started Set console font and keymap.
[[0;32m  OK  [0m] Started Tell Plymouth To Write Out Runtime Data.
[[0;32m  OK  [0m] Started ebtables ruleset management.
[[0;32m  OK  [0m] Started Flush Journal to Persistent Storage.
         Starting Create Volatile Files and Directories...
[[0;32m  OK  [0m] Started Create Volatile Files and Directories.
         Starting Update UTMP about System Boot/Shutdown...
[[0;32m  OK  [0m] Started Update UTMP about System Boot/Shutdown.
[[0;32m  OK  [0m] Found device /dev/ttyS0.
[[0;32m  OK  [0m] Started AppArmor initialization.
         Starting Initial cloud-init job (pre-networking)...
         Starting Load AppArmor profiles managed internally by snapd...
[[0;32m  OK  [0m] Started Load AppArmor profiles managed internally by snapd.
[[0;32m  OK  [0m] Listening on Load/Save RF Kill Switch Status /dev/rfkill Watch.
[   10.929695] cloud-init[546]: Cloud-init v. 22.2-0ubuntu1~18.04.3 running 'init-local' at Wed, 24 Aug 2022 16:00:00 +0000. Up 10.74 seconds.
[[0;32m  OK  [0m] Started Initial cloud-init job (pre-networking).
[[0;32m  OK  [0m] Reached target Network (Pre).
         Starting Network Service...
[[0;32m  OK  [0m] Started Network Service.
         Starting Wait for Network to be Configured...
         Starting Network Name Resolution...
[[0;32m  OK  [0m] Started Network Name Resolution.
[[0;32m  OK  [0m] Reached target Host and Network Name Lookups.
[[0;32m  OK  [0m] Reached target Network.
[[0;32m  OK  [0m] Started Wait for Network to be Configured.
         Starting Initial cloud-init job (metadata service crawler)...
[   13.273413] cloud-init[661]: Cloud-init v. 22.2-0ubuntu1~18.04.3 running 'init' at Wed, 24 Aug 2022 16:00:02 +0000. Up 12.93 seconds.
[   13.275832] cloud-init[661]: ci-info: ++++++++++++++++++++++++++++++++++++++Net device info++++++++++++++++++++++++++++++++++++++
[   13.278473] cloud-init[661]: ci-info: +--------+------+----------------------------+---------------+--------+-------------------+
[   13.281013] cloud-init[661]: ci-info: | Device |  Up  |          Address           |      Mask     | Scope  |     Hw-Address    |
[   13.283965] cloud-init[661]: ci-info: +--------+------+----------------------------+---------------+--------+-------------------+
[   13.300457] cloud-init[661]: ci-info: | enp0s3 | True |         10.0.2.15          | 255.255.255.0 | global | 02:dd:70:87:b9:65 |
[   13.304371] cloud-init[661]: ci-info: | enp0s3 | True | fe80::dd:70ff:fe87:b965/64 |       .       |  link  | 02:dd:70:87:b9:65 |
[   13.306938] cloud-init[661]: ci-info: |   lo   | True |         127.0.0.1          |   255.0.0.0   |  host  |         .         |
[   13.309415] cloud-init[661]: ci-info: |   lo   | True |          ::1/128           |       .       |  host  |         .         |
[   13.320972] cloud-init[661]: ci-info: +--------+------+----------------------------+---------------+--------+-------------------+
[   13.323416] cloud-init[661]: ci-info: ++++++++++++++++++++++++++++Route IPv4 info+++++++++++++++++++++++++++++
[   13.325413] cloud-init[661]: ci-info: +-------+-------------+----------+-----------------+-----------+-------+
[   13.327245] cloud-init[661]: ci-info: | Route | Destination | Gateway  |     Genmask     | Interface | Flags |
[   13.344314] cloud-init[661]: ci-info: +-------+-------------+----------+-----------------+-----------+-------+
[   13.347934] cloud-init[661]: ci-info: |   0   |   0.0.0.0   | 10.0.2.2 |     0.0.0.0     |   enp0s3  |   UG  |
[   13.350161] cloud-init[661]: ci-info: |   1   |   10.0.2.0  | 0.0.0.0  |  255.255.255.0  |   enp0s3  |   U   |
[   13.352161] cloud-init[661]: ci-info: |   2   |   10.0.2.2  | 0.0.0.0  | 255.255.255.255 |   enp0s3  |   UH  |
[   13.354744] cloud-init[661]: ci-info: +-------+-------------+----------+-----------------+-----------+-------+
[   13.356797] cloud-init[661]: ci-info: +++++++++++++++++++Route IPv6 info+++++++++++++++++++
[   13.358397] cloud-init[661]: ci-info: +-------+-------------+---------+-----------+-------+
[   13.360219] cloud-init[661]: ci-info: | Route | Destination | Gateway | Interface | Flags |
[   13.362734] cloud-init[661]: ci-info: +-------+-------------+---------+-----------+-------+
[   13.376363] cloud-init[661]: ci-info: |   1   |  fe80::/64  |    ::   |   enp0s3  |   U   |
[   13.388410] cloud-init[661]: ci-info: |   3   |    local    |    ::   |   enp0s3  |   U   |
[   13.390370] cloud-init[661]: ci-info: |   4   |   ff00::/8  |    ::   |   enp0s3  |   U   |
[   13.404246] cloud-init[661]: ci-info: +-------+-------------+---------+-----------+-------+
[[0;32m  OK  [0m] Started Initial cloud-init job (metadata service crawler).
[[0;32m  OK  [0m] Reached target Network is Online.
[[0;32m  OK  [0m] Reached target Remote File Systems (Pre).
         Mounting /vagrant...
         Starting Availability of block devices...
[[0;32m  OK  [0m] Reached target Cloud-config availability.
[[0;32m  OK  [0m] Reached target System Initialization.
[[0;32m  OK  [0m] Listening on cloud-init hotplug hook socket.
[[0;32m  OK  [0m] Started Daily Cleanup of Temporary Directories.
[[0;32m  OK  [0m] Started ACPI Events Check.
[[0;32m  OK  [0m] Reached target Paths.
[[0;32m  OK  [0m] Started Message of the Day.
         Starting LXD - unix socket.
[[0;32m  OK  [0m] Listening on ACPID Listen Socket.
[[0;32m  OK  [0m] Started Discard unused blocks once a week.
[[0;32m  OK  [0m] Started Daily apt download activities.
[[0;32m  OK  [0m] Started Daily apt upgrade and clean activities.
[[0;32m  OK  [0m] Listening on Open-iSCSI iscsid Socket.
         Starting Socket activation for snappy daemon.
[[0;32m  OK  [0m] Listening on UUID daemon activation socket.
[[0;32m  OK  [0m] Started Ubuntu Advantage Timer for running repeated jobs.
[[0;32m  OK  [0m] Reached target Timers.
[[0;32m  OK  [0m] Listening on D-Bus System Message Bus Socket.
[[0;32m  OK  [0m] Mounted /vagrant.
[[0;32m  OK  [0m] Started Availability of block devices.
[[0;32m  OK  [0m] Listening on LXD - unix socket.
[[0;32m  OK  [0m] Listening on Socket activation for snappy daemon.
[[0;32m  OK  [0m] Reached target Sockets.
[[0;32m  OK  [0m] Reached target Basic System.
         Starting Login Service...
         Starting Accounts Service...
         Starting System Logging Service...
         Starting Message of the Day...
[[0;32m  OK  [0m] Started D-Bus System Message Bus.
[[0;32m  OK  [0m] Started Login Service.
         Starting Virtualbox guest utils...
         Starting Dispatcher daemon for systemd-networkd...
         Starting Snap Daemon...
[[0;32m  OK  [0m] Started Deferred execution scheduler.
[[0;32m  OK  [0m] Started Unattended Upgrades Shutdown.
[[0;32m  OK  [0m] Started Regular background program processing daemon.
[[0;32m  OK  [0m] Started FUSE filesystem for LXC.
[[0;32m  OK  [0m] Started irqbalance daemon.
         Starting LSB: Record successful boot for GRUB...
         Starting OpenBSD Secure Shell server...
         Starting LXD - container startup/shutdown...
[[0;32m  OK  [0m] Reached target Remote File Systems.
         Starting LSB: automatic crash report generation...
         Starting Permit User Sessions...
[[0;32m  OK  [0m] Started System Logging Service.
[[0;32m  OK  [0m] Started Permit User Sessions.
         Starting Terminate Plymouth Boot Screen...
         Starting Hold until boot process finishes up...
         Starting Authorization Manager...
[[0;32m  OK  [0m] Started Hold until boot process finishes up.
[[0;32m  OK  [0m] Started Serial Getty on ttyS0.
         Starting Set console scheme...
[[0;32m  OK  [0m] Started Terminate Plymouth Boot Screen.
[[0;32m  OK  [0m] Started OpenBSD Secure Shell server.
[[0;32m  OK  [0m] Started LXD - container startup/shutdown.
[[0;32m  OK  [0m] Started LSB: Record successful boot for GRUB.
[[0;32m  OK  [0m] Started Set console scheme.
[[0;32m  OK  [0m] Created slice system-getty.slice.
[[0;32m  OK  [0m] Started Getty on tty1.
[[0;32m  OK  [0m] Reached target Login Prompts.
[[0;32m  OK  [0m] Started Virtualbox guest utils.
[[0;32m  OK  [0m] Started Authorization Manager.
[[0;32m  OK  [0m] Started Accounts Service.
[[0;32m  OK  [0m] Created slice User Slice of vagrant.
[[0;32m  OK  [0m] Started LSB: automatic crash report generation.
[[0;32m  OK  [0m] Started Session 1 of user vagrant.
         Starting User Manager for UID 1000...
[[0;32m  OK  [0m] Started Dispatcher daemon for systemd-networkd.
[[0;32m  OK  [0m] Started Snap Daemon.
         Starting Wait until snapd is fully seeded...
         Starting Time & Date Service...
[[0;32m  OK  [0m] Started User Manager for UID 1000.
[[0;32m  OK  [0m] Started Time & Date Service.
[[0;32m  OK  [0m] Started Wait until snapd is fully seeded.
         Starting Apply the settings specified in cloud-config...
[   15.839435] cloud-init[1099]: Cloud-init v. 22.2-0ubuntu1~18.04.3 running 'modules:config' at Wed, 24 Aug 2022 16:00:05 +0000. Up 15.70 seconds.
[[0;32m  OK  [0m] Started Apply the settings specified in cloud-config.
[[0;32m  OK  [0m] Reached target Multi-User System.
[[0;32m  OK  [0m] Reached target Graphical Interface.
         Starting Update UTMP about System Runlevel Changes...
         Starting Execute cloud user/final scripts...
[[0;32m  OK  [0m] Started Update UTMP about System Runlevel Changes.
[   16.553845] cloud-init[1164]: Cloud-init v. 22.2-0ubuntu1~18.04.3 running 'modules:final' at Wed, 24 Aug 2022 16:00:06 +0000. Up 16.39 seconds.
[   16.557094] cloud-init[1164]: Cloud-init v. 22.2-0ubuntu1~18.04.3 finished at Wed, 24 Aug 2022 16:00:06 +0000. Datasource DataSourceNoCloud [seed=/dev/sdb][dsmode=net].  Up 16.54 seconds
[[0;32m  OK  [0m] Started Execute cloud user/final scripts.
[[0;32m  OK  [0m] Reached target Cloud-init target.
         Starting Daily apt download activities...
[[0;32m  OK  [0m] Started Message of the Day.
         Stopping User Manager for UID 1000...
[[0;32m  OK  [0m] Stopped User Manager for UID 1000.
[[0;32m  OK  [0m] Removed slice User Slice of vagrant.

Ubuntu 18.04.6 LTS ubuntu-bionic ttyS0

ubuntu-bionic login: [[0;32m  OK  [0m] Started Daily apt upgrade and clean activities.
